
> frontend@0.1.0 build
> react-scripts build

node.exe : (node:3492) [DEP0176] DeprecationWarning: fs.F_OK is deprecated, use fs.constants.F_OK instead
At line:1 char:1
+ & "C:\Program Files\nodejs/node.exe" "C:\Program Files\nodejs/node_mo ...
+ ~~~~~~~~~~~~~~~~~~~~~~~~~~~~~~~~~~~~~~~~~~~~~~~~~~~~~~~~~~~~~~~~~~~~~
    + CategoryInfo          : NotSpecified: ((node:3492) [DE...ts.F_OK instead:String) [], RemoteException
    + FullyQualifiedErrorId : NativeCommandError
 
(Use `node --trace-deprecation ...` to show where the warning was created)
Creating an optimized production build...
Compiled with warnings.

[eslint] 
src\pages\Certificates\CertificateCard.jsx
  Line 5:16:  'ExternalLink' is defined but never used  no-unused-vars

src\pages\Certificates\CertificatePreview.jsx
  Line 2:18:  'AnimatePresence' is defined but never used  no-unused-vars
  Line 4:36:  'Share2' is defined but never used           no-unused-vars

src\pages\FeeManagement\PaymentHistory.jsx
  Line 3:28:  'Eye' is defined but never used  no-unused-vars

src\pages\FeeManagement\StudentFeePortal.jsx
  Line 3:46:  'Clock' is defined but never used  no-unused-vars

src\pages\FeeManagement\index.jsx
  Line 3:10:  'BarChart2' is defined but never used  no-unused-vars

src\pages\Login.jsx
  Line 4:22:  'LogIn' is defined but never used  no-unused-vars

src\pages\Resume\ResumeBuilder.jsx
  Line 3:165:  'PartyPopper' is defined but never used   no-unused-vars
  Line 3:178:  'ChevronRight' is defined but never used  no-unused-vars

src\pages\StudyPlanner\StudyPlanner.jsx
  Line 1:27:  'useEffect' is defined but never used  no-unused-vars

src\pages\TrainerLogin.jsx
  Line 4:22:  'LogIn' is defined but never used  no-unused-vars

Search for the keywords to learn more about each warning.
To ignore, add // eslint-disable-next-line to the line before.

File sizes after gzip:

  795.8 kB  build\static\js\main.93bb0445.js
  33.38 kB  build\static\js\455.9bcea31d.chunk.js
  14.66 kB  build\static\css\main.721e1406.css
  9.55 kB   build\static\js\977.a3a863b4.chunk.js
  1.76 kB   build\static\js\453.64aababc.chunk.js

The bundle size is significantly larger than recommended.
Consider reducing it with code splitting: https://goo.gl/9VhYWB
You can also analyze the project dependencies: https://goo.gl/LeUzfb

The project was built assuming it is hosted at /.
You can control this with the homepage field in your package.json.

The build folder is ready to be deployed.
You may serve it with a static server:

  npm install -g serve
  serve -s build

Find out more about deployment here:

  https://cra.link/deployment

